Build starting...
Build image: default
Start: Mon Sep 22 17:40:15 UTC 2025 c05e0cd5d9dc
Git:
v1.0.5-0-g1ecbb16
commit 1ecbb162cc6268f56bd39444874227db8bdc95e3
Author: Andrewson Croos 
Date:   Mon Sep 22 10:39:34 2025 -0700

    Update Android Gradle plugin configuration and version to 1.0.5


Init SDKMan
Running before_install command:
wget https://services.gradle.org/distributions/gradle-6.7.1-bin.zip;unzip gradle-6.7.1-bin.zip;export GRADLE_HOME=$PWD/gradle-6.7.1;export PATH=$GRADLE_HOME/bin:$PATH;gradle wrapper --gradle-version 6.7.1;chmod +x gradlew
--2025-09-22 17:40:15--  https://services.gradle.org/distributions/gradle-6.7.1-bin.zip
Resolving services.gradle.org (services.gradle.org)... 104.16.72.101, 104.16.73.101, 2606:4700::6810:4965, ...
Connecting to services.gradle.org (services.gradle.org)|104.16.72.101|:443... connected.
HTTP request sent, awaiting response... 307 Temporary Redirect
Location: https://github.com/gradle/gradle-distributions/releases/download/v6.7.1/gradle-6.7.1-bin.zip [following]
--2025-09-22 17:40:15--  https://github.com/gradle/gradle-distributions/releases/download/v6.7.1/gradle-6.7.1-bin.zip
Resolving github.com (github.com)... 140.82.121.3
Connecting to github.com (github.com)|140.82.121.3|:443... connected.
HTTP request sent, awaiting response... 302 Found
Location: https://release-assets.githubusercontent.com/github-production-release-asset/696192900/3e79f725-a81c-4b0d-864a-cb9f1a31eb63?sp=r&sv=2018-11-09&sr=b&spr=https&se=2025-09-22T18%3A24%3A23Z&rscd=attachment%3B+filename%3Dgradle-6.7.1-bin.zip&rsct=application%2Foctet-stream&skoid=96c2d410-5711-43a1-aedd-ab1947aa7ab0&sktid=398a6654-997b-47e9-b12b-9515b896b4de&skt=2025-09-22T17%3A23%3A53Z&ske=2025-09-22T18%3A24%3A23Z&sks=b&skv=2018-11-09&sig=77yX4KBtUit78wfy7IFbhCST1VMR9VMMXZTP3w8pWuM%3D&jwt=eyJ0eXAiOiJKV1QiLCJhbGciOiJIUzI1NiJ9.eyJpc3MiOiJnaXRodWIuY29tIiwiYXVkIjoicmVsZWFzZS1hc3NldHMuZ2l0aHVidXNlcmNvbnRlbnQuY29tIiwia2V5Ijoia2V5MSIsImV4cCI6MTc1ODU2MzExNSwibmJmIjoxNzU4NTYyODE1LCJwYXRoIjoicmVsZWFzZWFzc2V0cHJvZHVjdGlvbi5ibG9iLmNvcmUud2luZG93cy5uZXQifQ.Qr3yoUR0gfO_0j9c4FGHyDADJz6fBOcVz3XE06ImD2U&response-content-disposition=attachment%3B%20filename%3Dgradle-6.7.1-bin.zip&response-content-type=application%2Foctet-stream [following]
--2025-09-22 17:40:15--  https://release-assets.githubusercontent.com/github-production-release-asset/696192900/3e79f725-a81c-4b0d-864a-cb9f1a31eb63?sp=r&sv=2018-11-09&sr=b&spr=https&se=2025-09-22T18%3A24%3A23Z&rscd=attachment%3B+filename%3Dgradle-6.7.1-bin.zip&rsct=application%2Foctet-stream&skoid=96c2d410-5711-43a1-aedd-ab1947aa7ab0&sktid=398a6654-997b-47e9-b12b-9515b896b4de&skt=2025-09-22T17%3A23%3A53Z&ske=2025-09-22T18%3A24%3A23Z&sks=b&skv=2018-11-09&sig=77yX4KBtUit78wfy7IFbhCST1VMR9VMMXZTP3w8pWuM%3D&jwt=eyJ0eXAiOiJKV1QiLCJhbGciOiJIUzI1NiJ9.eyJpc3MiOiJnaXRodWIuY29tIiwiYXVkIjoicmVsZWFzZS1hc3NldHMuZ2l0aHVidXNlcmNvbnRlbnQuY29tIiwia2V5Ijoia2V5MSIsImV4cCI6MTc1ODU2MzExNSwibmJmIjoxNzU4NTYyODE1LCJwYXRoIjoicmVsZWFzZWFzc2V0cHJvZHVjdGlvbi5ibG9iLmNvcmUud2luZG93cy5uZXQifQ.Qr3yoUR0gfO_0j9c4FGHyDADJz6fBOcVz3XE06ImD2U&response-content-disposition=attachment%3B%20filename%3Dgradle-6.7.1-bin.zip&response-content-type=application%2Foctet-stream
Resolving release-assets.githubusercontent.com (release-assets.githubusercontent.com)... 185.199.109.133, 185.199.110.133, 185.199.111.133, ...
Connecting to release-assets.githubusercontent.com (release-assets.githubusercontent.com)|185.199.109.133|:443... connected.
HTTP request sent, awaiting response... 200 OK
Length: 102842885 (98M) [application/octet-stream]
Saving to: ‘gradle-6.7.1-bin.zip’

     0K .......... .......... .......... .......... ..........  0% 23.5M 4s
    50K .......... .......... .......... .......... ..........  0% 76.8M 3s
   100K .......... .......... .......... .......... ..........  0% 30.9M 3s
   150K .......... .......... .......... .......... ..........  0% 81.3M 2s
   200K .......... .......... .......... .......... ..........  0% 79.6M 2s
   250K .......... .......... .......... .......... ..........  0% 50.6M 2s
   300K .......... .......... .......... .......... ..........  0% 66.4M 2s
   350K .......... .......... .......... .......... ..........  0% 45.5M 2s
   400K .......... .......... .......... .......... ..........  0% 79.8M 2s
   450K .......... .......... .......... .......... ..........  0% 78.3M 2s
   500K .......... .......... .......... .......... ..........  0% 65.5M 2s
   550K .......... .......... .......... .......... ..........  0% 67.7M 2s
   600K .......... .......... .......... .......... ..........  0% 76.2M 2s
   650K .......... .......... .......... .......... ..........  0% 72.1M 2s
   700K .......... .......... .......... .......... ..........  0% 83.5M 2s
   750K .......... .......... .......... .......... ..........  0% 72.5M 2s
   800K .......... .......... .......... .......... ..........  0% 79.1M 2s
   850K .......... .......... .......... .......... ..........  0% 99.6M 2s
   900K .......... .......... .......... .......... ..........  0%  100M 2s
   950K .......... .......... .......... .......... ..........  0% 88.9M 2s
  1000K .......... .......... .......... .......... ..........  1% 59.0M 2s
  1050K .......... .......... .......... .......... ..........  1% 55.8M 2s
  1100K .......... .......... .......... .......... ..........  1% 76.3M 2s
  1150K .......... .......... .......... .......... ..........  1% 77.7M 2s
  1200K .......... .......... .......... .......... ..........  1% 81.4M 2s
  1250K .......... .......... .......... .......... ..........  1% 78.3M 2s
  1300K .......... .......... .......... .......... ..........  1% 87.2M 2s
  1350K .......... .......... .......... .......... ..........  1% 70.5M 1s
  1400K .......... .......... .......... .......... ..........  1% 82.5M 1s
  1450K .......... .......... .......... .......... ..........  1% 87.0M 1s
  1500K .......... .......... .......... .......... ..........  1% 83.9M 1s
  1550K .......... .......... .......... .......... ..........  1% 69.4M 1s
  1600K .......... .......... .......... .......... ..........  1% 98.3M 1s
  1650K .......... .......... .......... .......... ..........  1% 83.9M 1s
  1700K .......... .......... .......... .......... ..........  1% 79.0M 1s
  1750K .......... .......... .......... .......... ..........  1% 67.4M 1s
  1800K .......... .......... .......... .......... ..........  1% 74.7M 1s
  1850K .......... .......... .......... .......... ..........  1% 75.6M 1s
  1900K .......... .......... .......... .......... ..........  1% 78.4M 1s
  1950K .......... .......... .......... .......... ..........  1% 72.5M 1s
  2000K .......... .......... .......... .......... ..........  2% 90.3M 1s
  2050K .......... .......... .......... .......... ..........  2% 76.6M 1s
  2100K .......... .......... .......... .......... ..........  2% 76.4M 1s
  2150K .......... .......... .......... .......... ..........  2% 65.3M 1s
  2200K .......... .......... .......... .......... ..........  2% 79.2M 1s
  2250K .......... .......... .......... .......... ..........  2%  101M 1s
  2300K .......... .......... .......... .......... ..........  2%  132M 1s
  2350K .......... .......... .......... .......... ..........  2% 95.4M 1s
  2400K .......... .......... .......... .......... ..........  2%  110M 1s
  2450K .......... .......... .......... .......... ..........  2% 87.6M 1s
  2500K .......... .......... .......... .......... ..........  2%  107M 1s
  2550K .......... .......... .......... .......... ..........  2%  100M 1s
  2600K .......... .......... .......... .......... ..........  2%  112M 1s
  2650K .......... .......... .......... .......... ..........  2%  126M 1s
  2700K .......... .......... .......... .......... ..........  2%  117M 1s
  2750K .......... .......... .......... .......... ..........  2%  112M 1s
  2800K .......... .......... .......... .......... ..........  2%  148M 1s
  2850K .......... .......... .......... .......... ..........  2%  149M 1s
  2900K .......... .......... .......... .......... ..........  2%  154M 1s
  2950K .......... .......... .......... .......... ..........  2%  128M 1s
  3000K .......... .......... .......... .......... ..........  3%  165M 1s
  3050K .......... .......... .......... .......... ..........  3%  163M 1s
  3100K .......... .......... .......... .......... ..........  3%  142M 1s
  3150K .......... .......... .......... .......... ..........  3%  124M 1s
  3200K .......... .......... .......... .......... ..........  3%  140M 1s
  3250K .......... .......... .......... .......... ..........  3%  129M 1s
  3300K .......... .......... .......... .......... ..........  3%  155M 1s
  3350K .......... .......... .......... .......... ..........  3%  145M 1s
  3400K .......... .......... .......... .......... ..........  3%  143M 1s
  3450K .......... .......... .......... .......... ..........  3%  149M 1s
  3500K .......... .......... .......... .......... ..........  3%  147M 1s
  3550K .......... .......... .......... .......... ..........  3%  159M 1s
  3600K .......... .......... .......... .......... ..........  3%  206M 1s
  3650K .......... .......... .......... .......... ..........  3%  159M 1s
  3700K .......... .......... .......... .......... ..........  3%  174M 1s
  3750K .......... .......... .......... .......... ..........  3%  200M 1s
  3800K .......... .......... .......... .......... ..........  3%  173M 1s
  3850K .......... .......... .......... .......... ..........  3%  168M 1s
  3900K .......... .......... .......... .......... ..........  3%  216M 1s
  3950K .......... .......... .......... .......... ..........  3%  240M 1s
  4000K .......... .......... .......... .......... ..........  4%  237M 1s
  4050K .......... .......... .......... .......... ..........  4%  208M 1s
  4100K .......... .......... .......... .......... ..........  4%  215M 1s
  4150K .......... .......... .......... .......... ..........  4%  213M 1s
  4200K .......... .......... .......... .......... ..........  4%  192M 1s
  4250K .......... .......... .......... .......... ..........  4%  189M 1s
  4300K .......... .......... .......... .......... ..........  4%  190M 1s
  4350K .......... .......... .......... .......... ..........  4%  210M 1s
  4400K .......... .......... .......... .......... ..........  4%  214M 1s
  4450K .......... .......... .......... .......... ..........  4%  175M 1s
  4500K .......... .......... .......... .......... ..........  4%  203M 1s
  4550K .......... .......... .......... .......... ..........  4%  219M 1s
  4600K .......... .......... .......... .......... ..........  4%  268M 1s
 
100400K .......... .......... .......... ..                   100%  156M=0.9s

2025-09-22 17:40:16 (109 MB/s) - ‘gradle-6.7.1-bin.zip’ saved [102842885/102842885]

Archive:  gradle-6.7.1-bin.zip
   creating: gradle-6.7.1/
  inflating: gradle-6.7.1/LICENSE    
  inflating: gradle-6.7.1/NOTICE     
  inflating: gradle-6.7.1/README     
   creating: gradle-6.7.1/init.d/
  inflating: gradle-6.7.1/init.d/readme.txt  
   creating: gradle-6.7.1/bin/
  inflating: gradle-6.7.1/bin/gradle  
  inflating: gradle-6.7.1/bin/gradle.bat  
   creating: gradle-6.7.1/lib/
  inflating: gradle-6.7.1/lib/gradle-runtime-api-info-6.7.1.jar  
  inflating: gradle-6.7.1/lib/gradle-installation-beacon-6.7.1.jar  
  inflating: gradle-6.7.1/lib/gradle-api-metadata-6.7.1.jar  
  inflating: gradle-6.7.1/lib/gradle-launcher-6.7.1.jar  
  inflating: gradle-6.7.1/lib/gradle-kotlin-dsl-6.7.1.jar  
  inflating: gradle-6.7.1/lib/gradle-bootstrap-6.7.1.jar  
  inflating: gradle-6.7.1/lib/gradle-build-events-6.7.1.jar  
  inflating: gradle-6.7.1/lib/gradle-tooling-api-6.7.1.jar  
  inflating: gradle-6.7.1/lib/gradle-core-6.7.1.jar  
  inflating: gradle-6.7.1/lib/gradle-file-collections-6.7.1.jar  
  inflating: gradle-6.7.1/lib/gradle-execution-6.7.1.jar  
  inflating: gradle-6.7.1/lib/gradle-model-groovy-6.7.1.jar  
  inflating: gradle-6.7.1/lib/gradle-model-core-6.7.1.jar  
  inflating: gradle-6.7.1/lib/gradle-build-cache-6.7.1.jar  
  inflating: gradle-6.7.1/lib/gradle-core-api-6.7.1.jar  
  inflating: gradle-6.7.1/lib/gradle-persistent-cache-6.7.1.jar  
  inflating: gradle-6.7.1/lib/gradle-worker-processes-6.7.1.jar  
  inflating: gradle-6.7.1/lib/gradle-logging-6.7.1.jar  
  inflating: gradle-6.7.1/lib/ant-1.10.8.jar  
  inflating: gradle-6.7.1/lib/ant-launcher-1.10.8.jar  
  inflating: gradle-6.7.1/lib/gradle-jvm-services-6.7.1.jar  
  inflating: gradle-6.7.1/lib/gradle-process-services-6.7.1.jar  
  inflating: gradle-6.7.1/lib/gradle-resources-6.7.1.jar  
  inflating: gradle-6.7.1/lib/gradle-messaging-6.7.1.jar  
  inflating: gradle-6.7.1/lib/gradle-native-6.7.1.jar  
  inflating: gradle-6.7.1/lib/gradle-base-services-groovy-6.7.1.jar  
  inflating: gradle-6.7.1/lib/gradle-base-services-6.7.1.jar  
  inflating: gradle-6.7.1/lib/gradle-normalization-java-6.7.1.jar  
  inflating: gradle-6.7.1/lib/asm-commons-7.3.1.jar  
  inflating: gradle-6.7.1/lib/asm-analysis-7.3.1.jar  
  inflating: gradle-6.7.1/lib/asm-tree-7.3.1.jar  
  inflating: gradle-6.7.1/lib/asm-7.3.1.jar  
  inflating: gradle-6.7.1/lib/gradle-build-cache-packaging-6.7.1.jar  
  inflating: gradle-6.7.1/lib/commons-compress-1.19.jar  
  inflating: gradle-6.7.1/lib/commons-io-2.6.jar  
  inflating: gradle-6.7.1/lib/gradle-build-option-6.7.1.jar  
  inflating: gradle-6.7.1/lib/commons-lang-2.6.jar  
  inflating: gradle-6.7.1/lib/fastutil-8.3.0-min.jar  
  inflating: gradle-6.7.1/lib/groovy-all-1.3-2.5.12.jar  
  inflating: gradle-6.7.1/lib/gradle-file-watching-6.7.1.jar  
  inflating: gradle-6.7.1/lib/gradle-snapshots-6.7.1.jar  
  inflating: gradle-6.7.1/lib/gradle-build-cache-base-6.7.1.jar  
  inflating: gradle-6.7.1/lib/gradle-files-6.7.1.jar  
  inflating: gradle-6.7.1/lib/gradle-hashing-6.7.1.jar  
  inflating: gradle-6.7.1/lib/guava-27.1-android.jar  
  inflating: gradle-6.7.1/lib/javax.inject-1.jar  
  inflating: gradle-6.7.1/lib/jansi-1.18.jar  
  inflating: gradle-6.7.1/lib/jcl-over-slf4j-1.7.28.jar  
  inflating: gradle-6.7.1/lib/kotlin-compiler-embeddable-1.3.72-patched-for-gradle-6.7.1.jar  
  inflating: gradle-6.7.1/lib/kotlin-stdlib-jdk8-1.3.72.jar  
  inflating: gradle-6.7.1/lib/kotlin-reflect-1.3.72.jar  
  inflating: gradle-6.7.1/lib/kotlin-stdlib-jdk7-1.3.72.jar  
  inflating: gradle-6.7.1/lib/kotlin-stdlib-1.3.72.jar  
  inflating: gradle-6.7.1/lib/annotations-13.0.jar  
  inflating: gradle-6.7.1/lib/gradle-kotlin-dsl-tooling-models-6.7.1.jar  
  inflating: gradle-6.7.1/lib/gradle-build-operations-6.7.1.jar  
  inflating: gradle-6.7.1/lib/gradle-base-annotations-6.7.1.jar  
  inflating: gradle-6.7.1/lib/jsr305-3.0.2.jar  
  inflating: gradle-6.7.1/lib/jul-to-slf4j-1.7.28.jar  
  inflating: gradle-6.7.1/lib/kryo-2.24.0.jar  
  inflating: gradle-6.7.1/lib/log4j-over-slf4j-1.7.28.jar  
  inflating: gradle-6.7.1/lib/minlog-1.2.jar  
  inflating: gradle-6.7.1/lib/native-platform-0.22-milestone-9.jar  
  inflating: gradle-6.7.1/lib/file-events-0.22-milestone-9.jar  
  inflating: gradle-6.7.1/lib/objenesis-2.6.jar  
  inflating: gradle-6.7.1/lib/slf4j-api-1.7.28.jar  
  inflating: gradle-6.7.1/lib/trove4j-1.0.20181211.jar  
  inflating: gradle-6.7.1/lib/xml-apis-1.4.01.jar  
  inflating: gradle-6.7.1/lib/gradle-wrapper-6.7.1.jar  
  inflating: gradle-6.7.1/lib/gradle-cli-6.7.1.jar  
  inflating: gradle-6.7.1/lib/kotlin-scripting-common-1.3.72.jar  
  inflating: gradle-6.7.1/lib/kotlin-scripting-jvm-1.3.72.jar  
  inflating: gradle-6.7.1/lib/kotlin-scripting-jvm-host-embeddable-1.3.72.jar  
  inflating: gradle-6.7.1/lib/kotlin-scripting-compiler-embeddable-1.3.72.jar  
  inflating: gradle-6.7.1/lib/kotlin-scripting-compiler-impl-embeddable-1.3.72.jar  
  inflating: gradle-6.7.1/lib/kotlin-sam-with-receiver-compiler-plugin-1.3.72.jar  
  inflating: gradle-6.7.1/lib/kotlinx-metadata-jvm-0.1.0.jar  
  inflating: gradle-6.7.1/lib/failureaccess-1.0.1.jar  
  inflating: gradle-6.7.1/lib/kotlin-script-runtime-1.3.72.jar  
  inflating: gradle-6.7.1/lib/kotlin-daemon-embeddable-1.3.72.jar  
  inflating: gradle-6.7.1/lib/native-platform-freebsd-amd64-libcpp-0.22-milestone-9.jar  
  inflating: gradle-6.7.1/lib/native-platform-linux-aarch64-0.22-milestone-9.jar  
  inflating: gradle-6.7.1/lib/native-platform-linux-amd64-0.22-milestone-9.jar  
  inflating: gradle-6.7.1/lib/native-platform-osx-amd64-0.22-milestone-9.jar  
  inflating: gradle-6.7.1/lib/native-platform-windows-amd64-0.22-milestone-9.jar  
  inflating: gradle-6.7.1/lib/native-platform-windows-amd64-min-0.22-milestone-9.jar  
  inflating: gradle-6.7.1/lib/native-platform-windows-i386-0.22-milestone-9.jar  
  inflating: gradle-6.7.1/lib/native-platform-windows-i386-min-0.22-milestone-9.jar  
  inflating: gradle-6.7.1/lib/native-platform-linux-aarch64-ncurses5-0.22-milestone-9.jar  
  inflating: gradle-6.7.1/lib/native-platform-linux-aarch64-ncurses6-0.22-milestone-9.jar  
  inflating: gradle-6.7.1/lib/native-platform-linux-amd64-ncurses5-0.22-milestone-9.jar  
  inflating: gradle-6.7.1/lib/native-platform-linux-amd64-ncurses6-0.22-milestone-9.jar  
  inflating: gradle-6.7.1/lib/file-events-linux-aarch64-0.22-milestone-9.jar  
  inflating: gradle-6.7.1/lib/file-events-linux-amd64-0.22-milestone-9.jar  
  inflating: gradle-6.7.1/lib/file-events-osx-amd64-0.22-milestone-9.jar  
  inflating: gradle-6.7.1/lib/file-events-windows-amd64-0.22-milestone-9.jar  
  inflating: gradle-6.7.1/lib/file-events-windows-amd64-min-0.22-milestone-9.jar  
  inflating: gradle-6.7.1/lib/file-events-windows-i386-0.22-milestone-9.jar  
  inflating: gradle-6.7.1/lib/file-events-windows-i386-min-0.22-milestone-9.jar  
  inflating: gradle-6.7.1/lib/kotlin-stdlib-common-1.3.72.jar  
   creating: gradle-6.7.1/lib/plugins/
  inflating: gradle-6.7.1/lib/plugins/gradle-kotlin-dsl-provider-plugins-6.7.1.jar  
  inflating: gradle-6.7.1/lib/plugins/gradle-plugin-development-6.7.1.jar  
  inflating: gradle-6.7.1/lib/plugins/gradle-build-init-6.7.1.jar  
  inflating: gradle-6.7.1/lib/plugins/gradle-build-profile-6.7.1.jar  
  inflating: gradle-6.7.1/lib/plugins/gradle-antlr-6.7.1.jar  
  inflating: gradle-6.7.1/lib/plugins/gradle-enterprise-6.7.1.jar  
  inflating: gradle-6.7.1/lib/plugins/gradle-ide-play-6.7.1.jar  
  inflating: gradle-6.7.1/lib/plugins/gradle-platform-play-6.7.1.jar  
  inflating: gradle-6.7.1/lib/plugins/gradle-javascript-6.7.1.jar  
  inflating: gradle-6.7.1/lib/plugins/gradle-tooling-api-builders-6.7.1.jar  
  inflating: gradle-6.7.1/lib/plugins/gradle-kotlin-dsl-tooling-builders-6.7.1.jar  
  inflating: gradle-6.7.1/lib/plugins/gradle-configuration-cache-6.7.1.jar  
  inflating: gradle-6.7.1/lib/plugins/gradle-signing-6.7.1.jar  
  inflating: gradle-6.7.1/lib/plugins/gradle-tooling-native-6.7.1.jar  
  inflating: gradle-6.7.1/lib/plugins/gradle-ide-native-6.7.1.jar  
  inflating: gradle-6.7.1/lib/plugins/gradle-ide-6.7.1.jar  
  inflating: gradle-6.7.1/lib/plugins/gradle-scala-6.7.1.jar  
  inflating: gradle-6.7.1/lib/plugins/gradle-ear-6.7.1.jar  
  inflating: gradle-6.7.1/lib/plugins/gradle-testing-native-6.7.1.jar  
  inflating: gradle-6.7.1/lib/plugins/gradle-language-native-6.7.1.jar  
  inflating: gradle-6.7.1/lib/plugins/gradle-maven-6.7.1.jar  
  inflating: gradle-6.7.1/lib/plugins/gradle-ivy-6.7.1.jar  
  inflating: gradle-6.7.1/lib/plugins/gradle-jacoco-6.7.1.jar  
  inflating: gradle-6.7.1/lib/plugins/gradle-code-quality-6.7.1.jar  
  inflating: gradle-6.7.1/lib/plugins/gradle-plugins-6.7.1.jar  
  inflating: gradle-6.7.1/lib/plugins/gradle-testing-junit-platform-6.7.1.jar  
  inflating: gradle-6.7.1/lib/plugins/gradle-testing-jvm-6.7.1.jar  
  inflating: gradle-6.7.1/lib/plugins/gradle-language-scala-6.7.1.jar  
  inflating: gradle-6.7.1/lib/plugins/gradle-language-groovy-6.7.1.jar  
  inflating: gradle-6.7.1/lib/plugins/gradle-language-java-6.7.1.jar  
  inflating: gradle-6.7.1/lib/plugins/gradle-language-jvm-6.7.1.jar  
  inflating: gradle-6.7.1/lib/plugins/gradle-platform-jvm-6.7.1.jar  
  inflating: gradle-6.7.1/lib/plugins/gradle-composite-builds-6.7.1.jar  
  inflating: gradle-6.7.1/lib/plugins/gradle-plugin-use-6.7.1.jar  
  inflating: gradle-6.7.1/lib/plugins/gradle-publish-6.7.1.jar  
  inflating: gradle-6.7.1/lib/plugins/gradle-testing-base-6.7.1.jar  
  inflating: gradle-6.7.1/lib/plugins/gradle-platform-native-6.7.1.jar  
  inflating: gradle-6.7.1/lib/plugins/gradle-diagnostics-6.7.1.jar  
  inflating: gradle-6.7.1/lib/plugins/gradle-platform-base-6.7.1.jar  
  inflating: gradle-6.7.1/lib/plugins/gradle-version-control-6.7.1.jar  
  inflating: gradle-6.7.1/lib/plugins/gradle-dependency-management-6.7.1.jar  
  inflating: gradle-6.7.1/lib/plugins/maven-compat-3.0.5.jar  
  inflating: gradle-6.7.1/lib/plugins/maven-core-3.0.5.jar  
  inflating: gradle-6.7.1/lib/plugins/aether-connector-wagon-1.13.1.jar  
  inflating: gradle-6.7.1/lib/plugins/maven-aether-provider-3.0.5.jar  
  inflating: gradle-6.7.1/lib/plugins/aether-impl-1.13.1.jar  
  inflating: gradle-6.7.1/lib/plugins/aether-util-1.13.1.jar  
  inflating: gradle-6.7.1/lib/plugins/aether-spi-1.13.1.jar  
  inflating: gradle-6.7.1/lib/plugins/aether-api-1.13.1.jar  
  inflating: gradle-6.7.1/lib/plugins/gradle-reporting-6.7.1.jar  
  inflating: gradle-6.7.1/lib/plugins/gradle-workers-6.7.1.jar  
  inflating: gradle-6.7.1/lib/plugins/gradle-test-kit-6.7.1.jar  
  inflating: gradle-6.7.1/lib/plugins/gradle-resources-s3-6.7.1.jar  
  inflating: gradle-6.7.1/lib/plugins/gradle-resources-gcs-6.7.1.jar  
  inflating: gradle-6.7.1/lib/plugins/gradle-build-cache-http-6.7.1.jar  
  inflating: gradle-6.7.1/lib/plugins/gradle-security-6.7.1.jar  
  inflating: gradle-6.7.1/lib/plugins/gradle-resources-http-6.7.1.jar  
  inflating: gradle-6.7.1/lib/plugins/gradle-resources-sftp-6.7.1.jar  
  inflating: gradle-6.7.1/lib/plugins/asm-util-7.3.1.jar  
  inflating: gradle-6.7.1/lib/plugins/aws-java-sdk-s3-1.11.633.jar  
  inflating: gradle-6.7.1/lib/plugins/aws-java-sdk-kms-1.11.633.jar  
  inflating: gradle-6.7.1/lib/plugins/aws-java-sdk-core-1.11.633.jar  
  inflating: gradle-6.7.1/lib/plugins/org.eclipse.jgit-5.7.0.202003110725-r.jar  
  inflating: gradle-6.7.1/lib/plugins/bcpg-jdk15on-1.64.jar  
  inflating: gradle-6.7.1/lib/plugins/bcpkix-jdk15on-1.64.jar  
  inflating: gradle-6.7.1/lib/plugins/bcprov-jdk15on-1.64.jar  
  inflating: gradle-6.7.1/lib/plugins/testng-6.3.1.jar  
  inflating: gradle-6.7.1/lib/plugins/bsh-2.0b6.jar  
  inflating: gradle-6.7.1/lib/plugins/wagon-http-3.0.0.jar  
  inflating: gradle-6.7.1/lib/plugins/wagon-http-shared-3.0.0.jar  
  inflating: gradle-6.7.1/lib/plugins/google-api-services-storage-v1-rev136-1.25.0.jar  
  inflating: gradle-6.7.1/lib/plugins/google-api-client-1.25.0.jar  
  inflating: gradle-6.7.1/lib/plugins/google-oauth-client-1.25.0.jar  
  inflating: gradle-6.7.1/lib/plugins/google-http-client-jackson2-1.25.0.jar  
  inflating: gradle-6.7.1/lib/plugins/google-http-client-1.25.0.jar  
  inflating: gradle-6.7.1/lib/plugins/httpclient-4.5.10.jar  
  inflating: gradle-6.7.1/lib/plugins/commons-codec-1.13.jar  
  inflating: gradle-6.7.1/lib/plugins/gson-2.8.5.jar  
  inflating: gradle-6.7.1/lib/plugins/plexus-container-default-1.7.1.jar  
  inflating: gradle-6.7.1/lib/plugins/junit-4.13.jar  
  inflating: gradle-6.7.1/lib/plugins/hamcrest-core-1.3.jar  
  inflating: gradle-6.7.1/lib/plugins/httpcore-4.4.12.jar  
  inflating: gradle-6.7.1/lib/plugins/ivy-2.3.0.jar  
  inflating: gradle-6.7.1/lib/plugins/jmespath-java-1.11.633.jar  
  inflating: gradle-6.7.1/lib/plugins/jackson-databind-2.10.2.jar  
  inflating: gradle-6.7.1/lib/plugins/jackson-annotations-2.10.2.jar  
  inflating: gradle-6.7.1/lib/plugins/jackson-core-2.10.2.jar  
  inflating: gradle-6.7.1/lib/plugins/jatl-0.2.3.jar  
  inflating: gradle-6.7.1/lib/plugins/jaxb-impl-2.3.2.jar  
  inflating: gradle-6.7.1/lib/plugins/jcifs-1.3.17.jar  
  inflating: gradle-6.7.1/lib/plugins/jcommander-1.72.jar  
  inflating: gradle-6.7.1/lib/plugins/joda-time-2.10.4.jar  
  inflating: gradle-6.7.1/lib/plugins/jsch-0.1.55.jar  
  inflating: gradle-6.7.1/lib/plugins/junit-platform-engine-1.6.2.jar  
  inflating: gradle-6.7.1/lib/plugins/junit-platform-commons-1.6.2.jar  
  inflating: gradle-6.7.1/lib/plugins/junit-platform-launcher-1.6.2.jar  
  inflating: gradle-6.7.1/lib/plugins/jzlib-1.1.3.jar  
  inflating: gradle-6.7.1/lib/plugins/maven-plugin-api-3.0.5.jar  
  inflating: gradle-6.7.1/lib/plugins/maven-artifact-3.0.5.jar  
  inflating: gradle-6.7.1/lib/plugins/maven-model-builder-3.0.5.jar  
  inflating: gradle-6.7.1/lib/plugins/maven-model-3.0.5.jar  
  inflating: gradle-6.7.1/lib/plugins/maven-repository-metadata-3.0.5.jar  
  inflating: gradle-6.7.1/lib/plugins/maven-settings-builder-3.0.5.jar  
  inflating: gradle-6.7.1/lib/plugins/maven-settings-3.0.5.jar  
  inflating: gradle-6.7.1/lib/plugins/wagon-file-3.0.0.jar  
  inflating: gradle-6.7.1/lib/plugins/wagon-provider-api-3.0.0.jar  
  inflating: gradle-6.7.1/lib/plugins/nekohtml-1.9.22.jar  
  inflating: gradle-6.7.1/lib/plugins/plexus-sec-dispatcher-1.3.jar  
  inflating: gradle-6.7.1/lib/plugins/plexus-cipher-1.7.jar  
  inflating: gradle-6.7.1/lib/plugins/plexus-classworlds-2.5.1.jar  
  inflating: gradle-6.7.1/lib/plugins/plexus-component-annotations-1.5.5.jar  
  inflating: gradle-6.7.1/lib/plugins/plexus-interpolation-1.14.jar  
  inflating: gradle-6.7.1/lib/plugins/plexus-utils-3.1.0.jar  
  inflating: gradle-6.7.1/lib/plugins/dd-plist-1.21.jar  
  inflating: gradle-6.7.1/lib/plugins/pmaven-common-0.8-20100325.jar  
  inflating: gradle-6.7.1/lib/plugins/pmaven-groovy-0.8-20100325.jar  
  inflating: gradle-6.7.1/lib/plugins/rhino-1.7.10.jar  
  inflating: gradle-6.7.1/lib/plugins/simple-4.1.21.jar  
  inflating: gradle-6.7.1/lib/plugins/snakeyaml-1.17.jar  
  inflating: gradle-6.7.1/lib/plugins/xbean-reflect-3.7.jar  
  inflating: gradle-6.7.1/lib/plugins/xercesImpl-2.12.0.jar  
  inflating: gradle-6.7.1/lib/plugins/gradle-java-compiler-plugin-6.7.1.jar  
  inflating: gradle-6.7.1/lib/plugins/ion-java-1.0.2.jar  
  inflating: gradle-6.7.1/lib/plugins/apiguardian-api-1.1.0.jar  
  inflating: gradle-6.7.1/lib/plugins/opentest4j-1.2.0.jar  
Picked up JAVA_TOOL_OPTIONS: -Dfile.encoding=UTF-8 -Dhttps.protocols=TLSv1.2

Welcome to Gradle 6.7.1!

Here are the highlights of this release:
 - File system watching is ready for production use
 - Declare the version of Java your build requires
 - Java 15 support

For more details see https://docs.gradle.org/6.7.1/release-notes.html

Starting a Gradle Daemon (subsequent builds will be faster)

FAILURE: Build failed with an exception.

* Where:
Build file '/home/jitpack/build/build.gradle' line: 14

* What went wrong:
Plugin [id: 'com.android.library', version: '7.0.4'] was not found in any of the following sources:

- Gradle Core Plugins (plugin is not in 'org.gradle' namespace)
- Plugin Repositories (could not resolve plugin artifact 'com.android.library:com.android.library.gradle.plugin:7.0.4')
  Searched in the following repositories:
    Gradle Central Plugin Repository

* Try:
Run with --stacktrace option to get the stack trace. Run with --info or --debug option to get more log output. Run with --scan to get full insights.

* Get more help at https://help.gradle.org

BUILD FAILED in 3s
Found gradle
Gradle build script
WARNING: gradle/wrapper/gradle-wrapper.jar does not exist! Needs to be committed.

ERROR: Gradle wrapper not found. Please add. Using default gradle to build.

Generating Gradle wrapper v 6.7.1
Picked up JAVA_TOOL_OPTIONS: -Dfile.encoding=UTF-8 -Dhttps.protocols=TLSv1.2
Starting a Gradle Daemon, 1 incompatible Daemon could not be reused, use --status for details
> Task :wrapper

Deprecated Gradle features were used in this build, making it incompatible with Gradle 7.0.
Use '--warning-mode all' to show the individual deprecation warnings.
See https://docs.gradle.org/6.7.1/userguide/command_line_interface.html#sec:command_line_warnings

BUILD SUCCESSFUL in 2s
1 actionable task: 1 executed
/home/jitpack/build
Picked up JAVA_TOOL_OPTIONS: -Dfile.encoding=UTF-8 -Dhttps.protocols=TLSv1.2
Downloading https://services.gradle.org/distributions/gradle-6.7.1-bin.zip
.........10%..........20%..........30%..........40%..........50%.........60%..........70%..........80%..........90%..........100%

------------------------------------------------------------
Gradle 6.7.1
------------------------------------------------------------

Build time:   2020-11-16 17:09:24 UTC
Revision:     2972ff02f3210d2ceed2f1ea880f026acfbab5c0

Kotlin:       1.3.72
Groovy:       2.5.12
Ant:          Apache Ant(TM) version 1.10.8 compiled on May 10 2020
JVM:          1.8.0_292 (Private Build 25.292-b10)
OS:           Linux 4.18.0-13-generic amd64

Gradle wrapper generated
Init SDKMan
Found gradle version: 6.7.1.
Using gradle wrapper
Picked up JAVA_TOOL_OPTIONS: -Dfile.encoding=UTF-8 -Dhttps.protocols=TLSv1.2

------------------------------------------------------------
Gradle 6.7.1
------------------------------------------------------------

Build time:   2020-11-16 17:09:24 UTC
Revision:     2972ff02f3210d2ceed2f1ea880f026acfbab5c0

Kotlin:       1.3.72
Groovy:       2.5.12
Ant:          Apache Ant(TM) version 1.10.8 compiled on May 10 2020
JVM:          1.8.0_292 (Private Build 25.292-b10)
OS:           Linux 4.18.0-13-generic amd64

0m0.597s
Picked up JAVA_TOOL_OPTIONS: -Dfile.encoding=UTF-8 -Dhttps.protocols=TLSv1.2
openjdk version "1.8.0_292"
OpenJDK Runtime Environment (build 1.8.0_292-8u292-b10-0ubuntu1~16.04.1-b10)
OpenJDK 64-Bit Server VM (build 25.292-b10, mixed mode)
Getting tasks: ./gradlew tasks --all
Found tasks
Tasks: 

 ⚠️   WARNING:
 Gradle 'publishToMavenLocal' task not found. Please add the 'maven-publish' or 'maven' plugin.
 See the documentation and examples: https://docs.jitpack.io

Picked up JAVA_TOOL_OPTIONS: -Dfile.encoding=UTF-8 -Dhttps.protocols=TLSv1.2

FAILURE: Build failed with an exception.

* Where:
Build file '/home/jitpack/build/build.gradle' line: 14

* What went wrong:
Plugin [id: 'com.android.library', version: '7.0.4'] was not found in any of the following sources:

- Gradle Core Plugins (plugin is not in 'org.gradle' namespace)
- Plugin Repositories (could not resolve plugin artifact 'com.android.library:com.android.library.gradle.plugin:7.0.4')
  Searched in the following repositories:
    Gradle Central Plugin Repository

* Try:
Run with --stacktrace option to get the stack trace. Run with --info or --debug option to get more log output. Run with --scan to get full insights.

* Get more help at https://help.gradle.org

BUILD FAILED in 496ms

Running: ./gradlew -Pgroup=com.github.andrewson97 -Pversion=v1.0.5 publishToMavenLocal

Picked up JAVA_TOOL_OPTIONS: -Dfile.encoding=UTF-8 -Dhttps.protocols=TLSv1.2

FAILURE: Build failed with an exception.

* Where:
Build file '/home/jitpack/build/build.gradle' line: 14

* What went wrong:
Plugin [id: 'com.android.library', version: '7.0.4'] was not found in any of the following sources:

- Gradle Core Plugins (plugin is not in 'org.gradle' namespace)
- Plugin Repositories (could not resolve plugin artifact 'com.android.library:com.android.library.gradle.plugin:7.0.4')
  Searched in the following repositories:
    Gradle Central Plugin Repository

* Try:
Run with --stacktrace option to get the stack trace. Run with --info or --debug option to get more log output. Run with --scan to get full insights.

* Get more help at https://help.gradle.org

BUILD FAILED in 433ms
Picked up JAVA_TOOL_OPTIONS: -Dfile.encoding=UTF-8 -Dhttps.protocols=TLSv1.2

FAILURE: Build failed with an exception.

* Where:
Build file '/home/jitpack/build/build.gradle' line: 14

* What went wrong:
Plugin [id: 'com.android.library', version: '7.0.4'] was not found in any of the following sources:

- Gradle Core Plugins (plugin is not in 'org.gradle' namespace)
- Plugin Repositories (could not resolve plugin artifact 'com.android.library:com.android.library.gradle.plugin:7.0.4')
  Searched in the following repositories:
    Gradle Central Plugin Repository

* Try:
Run with --stacktrace option to get the stack trace. Run with --info or --debug option to get more log output. Run with --scan to get full insights.

* Get more help at https://help.gradle.org

BUILD FAILED in 461ms
Build tool exit code: 1
⚠️ Build failed. See errors above.
2025-09-22T17:40:28.716198311Z
Exit code: 1

